Creating test database for alias 'default'...
F
======================================================================
FAIL: test_course_list_view (course.tests.CourseTests.test_course_list_view)
----------------------------------------------------------------------
Traceback (most recent call last):
  File "/home/jdpark/opensource-job-portal/backend/course/tests.py", line 22, in test_course_list_view
    self.assertContains(response, "Test Instructor")
    ~~~~~~~~~~~~~~~~~~~^^^^^^^^^^^^^^^^^^^^^^^^^^^^^
AssertionError: False is not true : Couldn't find 'Test Instructor' in the following response
b'\n<!DOCTYPE html>\n<html>\n\n<head prefix="og: https://ogp.me/ns# fb: https://ogp.me/ns/fb# inaworks: https://ogp.me/ns/fb/inaworks#">\n    <!-- Global site tag (gtag.js) - Google Analytics -->\n    <script async src="https://www.googletagmanager.com/gtag/js?id=UA-11720509-7"></script>\n    <script>\n        window.dataLayer = window.dataLayer || [];\n        function gtag() { dataLayer.push(arguments); }\n        gtag(\'js\', new Date());\n        gtag(\'config\', \'UA-11720509-7\');\n    </script>\n    <link rel="icon" type="image/x-icon" href="http://localhost:8000/static/logo.svg" />\n    <meta property="fb:app_id" content="469881999753251" />\n    <meta property="og:type" content="inaworks:job" />\n    <meta charset="utf-8">\n    \n<title>Courses | InaWorks</title>\n<meta name="description" content="Browse our free online courses." />\n\n    \n    <meta name="ROBOTS" content="index, follow, ALL" />\n    \n    <meta name="copyright" content="Copyright (c) InaWorks, All rights reserved" />\n    \n    \n    \n    \n    \n    <link rel="stylesheet" href="https://cdnjs.cloudflare.com/ajax/libs/font-awesome/6.1.1/css/all.min.css"\n        integrity="sha512-KfkfwYDsLkIlwQp6LFnl8zNdLGxu9YAA1QvwINks4PhcElQSvqcyVLLD9aMhXd13uQjoXtEKNosOWaZqXgel0g=="\n        crossorigin="anonymous" referrerpolicy="no-referrer" />\n    <link rel="shortcut icon" href="http://localhost:8000/static/img/favicon.png">\n    <link rel="preconnect" href="https://fonts.googleapis.com">\n    <link rel="preconnect" href="https://fonts.gstatic.com" crossorigin>\n    <link href="https://fonts.googleapis.com/css2?family=Inter:wght@100;200;300;400;500;600;700;800;900&display=swap"\n        rel="stylesheet">\n    <link rel="stylesheet" href="https://cdnjs.cloudflare.com/ajax/libs/twitter-bootstrap/5.1.3/css/bootstrap.min.css"\n        integrity="sha512-GQGU0fMMi238uA+a/bdWJfpUGKUkBdgfFdgBm72SUQ6BeyWjoY/ton0tEjH+OSH9iP4Dfh+7HM0I9f5eR0L/4w=="\n        crossorigin="anonymous" referrerpolicy="no-referrer" />\n    <link rel="stylesheet" href="https://cdnjs.cloudflare.com/ajax/libs/select2/4.0.9/css/select2.min.css"\n        integrity="sha512-nMNlpuaDPrqlEls3IX/Q56H36qvBASwb3ipuo3MxeWbsQB1881ox0cRv7UPTgBlriqoynt35KjEwgGUeUXIPnw=="\n        crossorigin="anonymous" referrerpolicy="no-referrer" />\n    <!--/ select2 -->\n    <script src="https://cdnjs.cloudflare.com/ajax/libs/jquery/3.6.0/jquery.min.js"\n        integrity="sha512-894YE6QWD5I59HgZOGReFYm4dnWc1Qt5NtvYSaNcOP+u1T9qYdvdihz0PPSiiqn/+/3e7Jo4EaG7TubfWGUrMQ=="\n        crossorigin="anonymous" referrerpolicy="no-referrer"></script>\n    <script src="https://cdnjs.cloudflare.com/ajax/libs/twitter-bootstrap/5.1.3/js/bootstrap.bundle.min.js"\n        integrity="sha512-pax4MlgXjHEPfCwcJLQhigY7+N8rt6bVvWLFyUMuxShv170X53TRzGPmPkZmGBhk+jikR8WBM4yl7A9WMHHqvg=="\n        crossorigin="anonymous" referrerpolicy="no-referrer"></script>\n    <script src="https://cdnjs.cloudflare.com/ajax/libs/select2/4.0.9/js/select2.full.min.js"\n        integrity="sha512-rNNKEb5WQbxA4pLtGV9W746iT7tZlpjC6duViljPlPQhOOPz6Vu3nae8G9A36/W8WT+BWhso9vgETSfSP604vw=="\n        crossorigin="anonymous" referrerpolicy="no-referrer"></script>\n    <!-- Select2 -->\n    <link rel="stylesheet" href="/static/CACHE/css/main.73f1749f207d.css" type="text/css"><link rel="stylesheet" type="text/css" href="/static/css/jquery-ui.css"><link rel="stylesheet" type="text/css" href="/static/css/introjs.css"><link rel="stylesheet" type="text/css" href="/static/css/jquery-ui-slider-pips.css">\n    \n</head>\n\n<body>\n    <a href="#0" class="cd-top">Top</a>\n    <!-- HEADER -->\n    <div id="wrapper">\n        <!--banner starts here -->\n        <section class="header_banner">\n            <div class="icon_banner">\n                <div class="header_panel">\n                    <nav class="navbar navbar-expand-lg megamenu py-3">\n                        <div class="container">\n                            <a class="navbar-brand" href="/">Inaworks</a>\n                            <!-- Brand and toggle get grouped for better mobile display -->\n                            <div class="navbar-header">\n                                <button class="navbar-toggler" type="button" data-bs-toggle="collapse"\n                                    data-bs-target="#navbarSupportedContent" aria-controls="navbarSupportedContent"\n                                    aria-expanded="false" aria-label="Toggle navigation">\n                                    <span class="navbar-toggler-icon"></span>\n                                    <i class="fa-solid fa-bars"></i>\n                                </button>\n                            </div>\n                            <!-- Collect the nav links, forms, and other content for toggling -->\n                            <div class="collapse navbar-collapse" id="navbarSupportedContent">\n                                <ul class="navbar-nav main_menu">\n                                    <li class="active" >\n                                        <a href="/courses/">Courses</a>\n                                    </li>\n                                    \n                                </ul>\n                                \n                                <ul class="navbar-nav ms-auto mb-2 mb-lg-0 navbar-right">\n                                    <li class="nav-item">\n                                        <a class="nav-link" href="/login">Login</a>\n                                    </li>\n                                    <li class="nav-item">\n                                        <a class="nav-link" href="/register">Register</a>\n                                    </li>\n                                    <li class="nav-item">\n                                        <a class="nav-link" href="/post-job/">Employer Login | Register</a>\n                                    </li>\n                                </ul>\n                                \n                            </div>\n                            <!-- /.navbar-collapse -->\n                        </div>\n                    </nav>\n                    \n                    \n                </div>\n                <!-- search_login starts here -->\n                \n                \n                <!-- search_login ends here -->\n            </div>\n        </section>\n        \n<div class="container main_content">\n    <div class="row">\n        <div class="col-md-12">\n            <h1 class="page_heading">Courses</h1>\n            <div class="search_section">\n                <form method="GET" action="/courses/" class="form-inline">\n                    <div class="input-group">\n                        <input type="text" name="q" class="form-control" placeholder="Search for courses..."\n                            value="">\n                        <span class="input-group-btn">\n                            <button type="submit" class="btn btn-primary">Search</button>\n                        </span>\n                    </div>\n                </form>\n            </div>\n            <br>\n        </div>\n    </div>\n    <div class="row">\n        <div class="col-md-9">\n            \n            <div class="job_listing_block">\n                <div class="job_listing_content">\n                    <h3 class="job_title"><a href="http://test.com" target="_blank">Test Course</a></h3>\n                    <div class="company_name">\n                        <i class="fa fa-university"></i> Test Provider | <i class="fa fa-user"></i> {{\n                        course.instructor }}\n                    </div>\n                    <div class="job_description">\n                        Test Description\n                    </div>\n                    <div class="skills_section">\n                        <strong>Keywords:</strong> test\n                        \n                    </div>\n                    <div class="job_action">\n                        <a href="http://test.com" target="_blank" class="btn btn-info btn-sm">View Course</a>\n                    </div>\n                </div>\n            </div>\n            \n\n            \n        </div>\n        <div class="col-md-3">\n            <!-- Sidebar content could go here -->\n            <div class="card">\n                <div class="card-header">\n                    About Courses\n                </div>\n                <div class="card-body">\n                    <p>Courses are free online courses available for anyone to enroll. Courses provide an affordable and\n                        flexible way to learn new skills, advance your career and deliver quality educational\n                        experiences at scale.</p>\n                </div>\n            </div>\n        </div>\n    </div>\n</div>\n\n        <!-- banner ends here -->\n\n        <div id="WaitDialog" class="hidden" style="text-align: center">\n            <div style="margin-top: 10px; color: white">\n                <b>Please wait</b>\n            </div>\n        </div>\n        <!-- footer starts here -->\n        <section>\n            <footer>\n                <div class="container">\n                    <div class="row mar_lr_0">\n                        \n                        <div class="col-md-4 col-sm-12 col-xs-12 about">\n                            <strong class="logo">Inaworks</strong>\n                            <p>Inaworks is a platform to connect recruiters and job seekers from all over India.</p>\n                        </div>\n                        \n\n                        <div class="col-md-3 col-sm-12 col-xs-12 subscribe_social_copy">\n                            <!-- Kept social links as they are generic -->\n                            \n                            <div class="social_links text-center">\n                                <ul>\n                                    <li><a target="_blank" href="https://facebook.com/inaworks/"><i\n                                                class="fa-brands fa-facebook-f"></i></a></li>\n                                    <li><a target="_blank"\n                                            href="https://www.linkedin.com/company/inaworks?trk=top_nav_home"><i\n                                                class="fa-brands fa-linkedin-in"></i></a></li>\n                                    <li><a href="/social/google_login/"><strong>G</strong></a></li>\n                                    <li><a target="_blank" href="https://twitter.com/InaWorks"><i\n                                                class="fa-brands fa-twitter"></i></a>\n                                    </li>\n                                </ul>\n                            </div>\n                            <div class="copy_right text-center">Copyright &copy; 2026 Inaworks.id<br><a\n                                    href="https://micropyramid.com" title="MicroPyramid Informatics Private Ltd"\n                                    target="_blank">Development + SEO by MicroPyramid</a>\n                            </div>\n                            \n                        </div>\n                    </div>\n                </div>\n            </footer>\n        </section>\n        <!-- footer ends here -->\n    </div>\n    <div class="modal_loading">\n        <!-- Place at bottom of page -->\n    </div>\n    <!-- Empty modal containers (kept to prevent JS errors) -->\n    <div class="modal fade" id="login_register" tabindex="-1" aria-hidden="true">\n    </div>\n    <div class="modal fade modal-dialog-scrollable" id="register-div" tabindex="-1" aria-labelledby="exampleModalLabel"\n        aria-hidden="true">\n    </div>\n    <!-- JavaScript files -->\n    <script type="text/javascript" src="/static/js/jquery-ui.js"></script>\n<script type="text/javascript" src="/static/js/jquery.form.js"></script>\n<script type="text/javascript" src="/static/js/jquery.blockUI.js"></script>\n<script type="text/javascript" src="/static/js/circle-progress.js"></script>\n<script type="text/javascript" src="/static/js/jquery.cookie.js"></script>\n<script type="text/javascript" src="/static/r1/js/jquery.plainmodal.min.js"></script>\n<script type="text/javascript" src="/static/js/jquery-ui-slider-pips.js"></script>\n<script type="text/javascript" src="/static/js/masonry.min.js"></script>\n<script type="text/javascript" src="/static/js/intro.js"></script>\n<script type="text/javascript" src="/static/js/highlight.js"></script>\n<script type="text/javascript" src="/static/js/main.js"></script>\n<script type="text/javascript" src="/static/js/base.js"></script>\n<script type="text/javascript" src="/static/js/userinfo.js"></script>\n    \n    \n\n</html>\n'

----------------------------------------------------------------------
Ran 1 test in 1.522s

FAILED (failures=1)
Destroying test database for alias 'default'...
Local development settings loaded
Local development settings loaded
Found 1 test(s).
ℹ️  No users to migrate (no old recruiter types found)
📊 Final counts: 0 Employers, 0 Job Seekers
System check identified no issues (0 silenced).
